app/chat/page.tsx(6,41): error TS2307: Cannot find module 'framer-motion' or its corresponding type declarations.
src/components/chat/InputBar.tsx(4,41): error TS2307: Cannot find module 'framer-motion' or its corresponding type declarations.
src/components/chat/MessageBubble.tsx(5,24): error TS2307: Cannot find module 'framer-motion' or its corresponding type declarations.
src/components/chat/TypingIndicator.tsx(3,24): error TS2307: Cannot find module 'framer-motion' or its corresponding type declarations.
src/components/chat/VoiceModeOverlay.tsx(4,41): error TS2307: Cannot find module 'framer-motion' or its corresponding type declarations.
